<html>
<body>
<pre>
<h1>µVision Build Log</h1>
<h2>Tool Versions:</h2>
IDE-Version: ¦ÌVision V5.29.0.0
Copyright (C) 2019 ARM Ltd and ARM Germany GmbH. All rights reserved.
License Information: 11 86158, 11, LIC=Z3C63-AQ3GE-GQB0H-WNPAF-H0EQD-8ZNKA
 
Tool Versions:
Toolchain:       MDK-ARM Professional  Version: 5.29.0.0
Toolchain Path:  D:\Program Files (x86)\Keil ARM\ARM\ARMCC\Bin
C Compiler:      Armcc.exe V5.06 update 6 (build 750)
Assembler:       Armasm.exe V5.06 update 6 (build 750)
Linker/Locator:  ArmLink.exe V5.06 update 6 (build 750)
Library Manager: ArmAr.exe V5.06 update 6 (build 750)
Hex Converter:   FromElf.exe V5.06 update 6 (build 750)
CPU DLL:         SARMCM3.DLL V5.29.0.0
Dialog DLL:      DARMCM1.DLL V1.19.2.0
Target DLL:      Segger\JL2CM3.dll V2.99.36.0
Dialog DLL:      TARMCM1.DLL V1.14.1.0
 
<h2>Project:</h2>
E:\JOB\LH\¿§·È»ú\code\boot\eBldc_boot_st00\Projet\ST_boot.uvprojx
Project File Date:  06/06/2020

<h2>Output:</h2>
*** Using Compiler 'V5.06 update 6 (build 750)', folder: 'D:\Program Files (x86)\Keil ARM\ARM\ARMCC\Bin'
Rebuild target 'ST_BOOT'
assembling startup_stm32f030.s...
compiling stm32f0xx_misc.c...
compiling system_stm32f0xx.c...
compiling stm32f0xx_gpio.c...
compiling flash.c...
compiling stm32f0xx_flash.c...
compiling stm32f0xx_rcc.c...
compiling boot.c...
compiling main.c...
compiling stm32f0xx_it.c...
linking...
Program Size: Code=1368 RO-data=212 RW-data=12 ZI-data=1028  
FromELF: creating hex file...
After Build - User command #1: D:\Program Files (x86)\Keil ARM\ARM\ARMCC\bin\fromelf.exe --bin -o  Objects/bin/ST_BOOT.bin Objects/ST_BOOT.axf
".\Objects\ST_BOOT.axf" - 0 Error(s), 0 Warning(s).

<h2>Software Packages used:</h2>

Package Vendor: ARM
                http://www.keil.com/pack/ARM.CMSIS.5.6.0.pack
                ARM.CMSIS.5.6.0
                CMSIS (Cortex Microcontroller Software Interface Standard)
   * Component: CORE Version: 5.3.0

Package Vendor: Keil
                http://www.keil.com/pack/Keil.STM32F0xx_DFP.1.5.0.pack
                Keil.STM32F0xx_DFP.1.5.0
                STMicroelectronics STM32F0 Series Device Support and Examples

<h2>Collection of Component include folders:</h2>
  .\RTE\_ST_BOOT
  D:\Program Files (x86)\Keil ARM\Pack\ARM\CMSIS\5.6.0\CMSIS\Core\Include
  D:\Program Files (x86)\Keil ARM\Pack\Keil\STM32F0xx_DFP\1.5.0\Device\Include

<h2>Collection of Component Files used:</h2>

   * Component: ARM::CMSIS:CORE:5.3.0
Build Time Elapsed:  00:00:03
</pre>
</body>
</html>
